// Jest Snapshot v1, https://goo.gl/fbAQLP

exports[`component testing 1`] = `
Array [
  "Herace",
  <div>
     
    1
  </div>,
  <div>
     
    2
  </div>,
  <div>
     
    3
  </div>,
  <div>
     
    4
  </div>,
  <div>
     
    5
  </div>,
  <div>
     
    6
  </div>,
  <div>
     
    7
  </div>,
  <div>
     
    8
  </div>,
  <div>
     
    9
  </div>,
  <div>
     
    10
  </div>,
]
`;

exports[`component testing2 1`] = `
Array [
  "Herace",
  <div>
     
    1
  </div>,
  <div>
     
    2
  </div>,
  <div>
     
    3
  </div>,
  <div>
     
    4
  </div>,
  <div>
     
    5
  </div>,
  <div>
     
    6
  </div>,
  <div>
     
    7
  </div>,
  <div>
     
    8
  </div>,
  <div>
     
    9
  </div>,
  <div>
     
    10
  </div>,
]
`;
